docker :  Image project-api Building 
At line:1 char:1
+ docker compose build api 2>&1 | Out-File -FilePath 
build_output.txt - ...
+ ~~~~~~~~~~~~~~~~~~~~~~~~~~~~~
    + CategoryInfo          : NotSpecified: ( Image project-api 
    Building :String) [], RemoteException
    + FullyQualifiedErrorId : NativeCommandError
 
#1 [internal] load local bake definitions
#1 reading from stdin 535B 0.2s done
#1 DONE 0.2s

#2 [internal] load build definition from Dockerfile
#2 DONE 0.1s

#2 [internal] load build definition from Dockerfile
#2 transferring dockerfile:
#2 transferring dockerfile: 315B 0.3s done
#2 DONE 0.9s

#3 [internal] load metadata for docker.io/library/python:3.12-slim
#3 DONE 3.8s

#4 [internal] load .dockerignore
#4 transferring context: 116B 0.0s done
#4 DONE 0.1s

#5 [internal] load build context
#5 transferring context: 1.50kB 0.6s done
#5 DONE 0.7s

#6 [1/5] FROM docker.io/library/python:3.12-slim@sha256:c3d81d25b3154142b0b42eb1e61300024426268edeb5b5a26dd7ddf64d9daf28
#6 resolve docker.io/library/python:3.12-slim@sha256:c3d81d25b3154142b0b42eb1e61300024426268edeb5b5a26dd7ddf64d9daf28 0.8s done
#6 DONE 0.9s

#7 [2/5] WORKDIR /app
#7 CACHED

#8 [3/5] COPY requirements.txt .
#8 CACHED

#9 [4/5] RUN pip install --no-cache-dir -r requirements.txt
#9 CACHED

#10 [5/5] COPY . .
#10 CACHED

#11 exporting to image
#11 exporting layers 0.1s done
#11 exporting manifest sha256:972f853332738cfde1905f2e7b2de5223b1f1925e3105bb2b1caf50640b8fef9 0.1s done
#11 exporting config sha256:94edea561f66caacdaff0c03b79f80948f3b1052fccbffba206dddb3b8cea3ab
#11 exporting config sha256:94edea561f66caacdaff0c03b79f80948f3b1052fccbffba206dddb3b8cea3ab 0.0s done
#11 exporting attestation manifest sha256:260be8fac4d2dd67a2ed76b172bf9cee4046f9dcc07b90090d3a8122210e794d
#11 exporting attestation manifest sha256:260be8fac4d2dd67a2ed76b172bf9cee4046f9dcc07b90090d3a8122210e794d 1.1s done
#11 exporting manifest list sha256:d91287ac60180cf5215c35c23858026fa2b560bf064d2fedc64f5e8a61c92e9d
#11 exporting manifest list sha256:d91287ac60180cf5215c35c23858026fa2b560bf064d2fedc64f5e8a61c92e9d 0.7s done
#11 naming to docker.io/library/project-api:latest 0.1s done
#11 unpacking to docker.io/library/project-api:latest
#11 unpacking to docker.io/library/project-api:latest 0.4s done
#11 DONE 3.2s

#12 resolving provenance for metadata file
#12 DONE 0.3s
 Image project-api Built 
